// Jest Snapshot v1, https://goo.gl/fbAQLP

exports[`matches the snapshot 1`] = `
<DocumentFragment>
  <a
    class="CompanyCard"
    href="/companies/undefined"
  >
    <div
      class="mb-2 card"
    >
      <div
        class="card-body"
      >
        <div
          class="card-title h5"
        />
        <p
          class="card-text"
        />
      </div>
    </div>
  </a>
</DocumentFragment>
`;
