// Jest Snapshot v1, https://goo.gl/fbAQLP

exports[`matches the snapshot 1`] = `
<DocumentFragment>
  <div
    class="CompanyDetail container"
  >
    <h2 />
    <p />
    <p>
      No matching jobs found.
    </p>
  </div>
</DocumentFragment>
`;
