// Jest Snapshot v1, https://goo.gl/fbAQLP

exports[`matches the snapshot 1`] = `
<DocumentFragment>
  <div
    class="CompanyCard mb-2 card"
  >
    <div
      class="card-body"
    >
      <div
        class="card-title h5"
      />
      <div
        class="mb-2 text-muted card-subtitle h6"
      />
      <div
        class="row"
      >
        <div
          class="col-sm-9"
        >
          <span
            class="font-weight-light"
          >
            Salary: 0
          </span>
          <br />
          <span
            class="font-weight-light"
          >
            Equity: 0
          </span>
        </div>
        <div
          class="col-sm-3"
        >
          <div
            class="d-flex justify-content-end m-0 p-0"
          >
            <button
              class="btn btn-danger"
              type="button"
            >
              APPLY
            </button>
          </div>
        </div>
      </div>
    </div>
  </div>
</DocumentFragment>
`;
