// Jest Snapshot v1, https://goo.gl/fbAQLP

exports[`matches the snapshot 1`] = `
<DocumentFragment>
  <nav
    class="navbar navbar-expand-md navbar-dark bg-primary"
  >
    <a
      class="navbar-brand"
      href="/"
    >
      Jobly
    </a>
    <button
      aria-controls="jobly-navbar-nav"
      aria-label="Toggle navigation"
      class="navbar-toggler collapsed"
      type="button"
    >
      <span
        class="navbar-toggler-icon"
      />
    </button>
    <div
      class="justify-content-end navbar-collapse collapse"
      id="jobly-navbar-nav"
    >
      <div
        class="navbar-nav"
      >
        <a
          class="nav-link"
          href="/companies"
        >
          Companies
        </a>
        <a
          class="nav-link"
          href="/jobs"
        >
          Jobs
        </a>
        <a
          class="nav-link"
          href="/profile"
        >
          Profile
        </a>
        <a
          class="nav-link"
          href="/logout"
        >
          Log out test
        </a>
      </div>
    </div>
  </nav>
</DocumentFragment>
`;
